python : Traceback (most recent call last):
At line:1 char:59
+ ... e python -Force; Start-Sleep -Seconds 1; python sript.py 2>&1 | Tee-O ...
+                                              ~~~~~~~~~~~~~~~~~~~~
    + CategoryInfo          : NotSpecified: (Traceback (most recent call last)::String) [], RemoteException
    + FullyQualifiedErrorId : NativeCommandError
 
  File "E:\Coding\scripts\ConnectUploader\sript.py", line 221, in <module>
    update_tray_tooltip("\u2705 Logged in to Garmin Connect")
  File "E:\Coding\scripts\ConnectUploader\sript.py", line 30, in update_tray_tooltip
    print(message)
  File "C:\Python311\Lib\encodings\cp1252.py", line 19, in encode
    return codecs.charmap_encode(input,self.errors,encoding_table)[0]
           ^^^^^^^^^^^^^^^^^^^^^^^^^^^^^^^^^^^^^^^^^^^^^^^^^^^^^^^
UnicodeEncodeError: 'charmap' codec can't encode character '\u2705' in position 0: character maps to <undefined>

During handling of the above exception, another exception occurred:

Traceback (most recent call last):
  File "E:\Coding\scripts\ConnectUploader\sript.py", line 223, in <module>
    print("\u274c Login failed:", e)
  File "C:\Python311\Lib\encodings\cp1252.py", line 19, in encode
    return codecs.charmap_encode(input,self.errors,encoding_table)[0]
           ^^^^^^^^^^^^^^^^^^^^^^^^^^^^^^^^^^^^^^^^^^^^^^^^^^^^^^^
UnicodeEncodeError: 'charmap' codec can't encode character '\u274c' in position 0: character maps to <undefined>
